[orca-app-ovt5s.ondigitalocean.app/w2i4n234rjnkeferf/indexd07f.html]
[backblue.gif]
[fade.gif]
[index.html]
[api.publytics.net/js/script.manual.min.js]
[orca-app-ovt5s.ondigitalocean.app/w2i4n234rjnkeferf/index.html]
[orca-app-ovt5s.ondigitalocean.app/w2i4n234rjnkeferf/01css32bd.css]
[code.jquery.com/jquery-1.4.4.min.js]
[orca-app-ovt5s.ondigitalocean.app/w2i4n234rjnkeferf/12dgdur.js]
[orca-app-ovt5s.ondigitalocean.app/w2i4n234rjnkeferf/11gfdjuef.js]
[orca-app-ovt5s.ondigitalocean.app/w2i4n234rjnkeferf/13dugfjdf.js]
[orca-app-ovt5s.ondigitalocean.app/w2i4n234rjnkeferf/fesbg.png]
[orca-app-ovt5s.ondigitalocean.app/w2i4n234rjnkeferf/bx1.png]
[orca-app-ovt5s.ondigitalocean.app/w2i4n234rjnkeferf/web1.png]
[orca-app-ovt5s.ondigitalocean.app/w2i4n234rjnkeferf/img01df.png]
[orca-app-ovt5s.ondigitalocean.app/w2i4n234rjnkeferf/winlo.png]
[orca-app-ovt5s.ondigitalocean.app/w2i4n234rjnkeferf/dm.png]
[orca-app-ovt5s.ondigitalocean.app/w2i4n234rjnkeferf/cs.png]
[orca-app-ovt5s.ondigitalocean.app/w2i4n234rjnkeferf/re.gif]
[orca-app-ovt5s.ondigitalocean.app/w2i4n234rjnkeferf/08dgsg3d.js]
[orca-app-ovt5s.ondigitalocean.app/w2i4n234rjnkeferf/07sdgsg4.js]
[orca-app-ovt5s.ondigitalocean.app/w2i4n234rjnkeferf/06hshs.js]
[orca-app-ovt5s.ondigitalocean.app/w2i4n234rjnkeferf/05sdghdf.js]
[orca-app-ovt5s.ondigitalocean.app/w2i4n234rjnkeferf/04shesc1.js]
[orca-app-ovt5s.ondigitalocean.app/w2i4n234rjnkeferf/03fgsskryeivh.js]
[orca-app-ovt5s.ondigitalocean.app/w2i4n234rjnkeferf/02dgdsg3d.js]
[orca-app-ovt5s.ondigitalocean.app/w2i4n234rjnkeferf/indexd07f.html]
[orca-app-ovt5s.ondigitalocean.app/w2i4n234rjnkeferf/index.html]
[orca-app-ovt5s.ondigitalocean.app/w2i4n234rjnkeferf/01d1fgshfddfg.js]
[orca-app-ovt5s.ondigitalocean.app/w2i4n234rjnkeferf/bg.png]
[orca-app-ovt5s.ondigitalocean.app/w2i4n234rjnkeferf/01css32bd.css]
[orca-app-ovt5s.ondigitalocean.app/w2i4n234rjnkeferf/09sgsgsfr.js]
[orca-app-ovt5s.ondigitalocean.app/w2i4n234rjnkeferf/bg.html]
